%!Adobe-FontList 1.14
%Locale:0x409

%BeginFont
Handler:DirectoryHandler
FontType:Invalid
OutlineFileName:C:\Users\Strider\Documents\GitHub\afterevent.info\Font\fontawesome-webfont.eot
FileModTime:1361997330
%EndFont

%BeginFont
Handler:DirectoryHandler
FontType:Invalid
OutlineFileName:C:\Users\Strider\Documents\GitHub\afterevent.info\Font\fontawesome-webfont.svg
FileModTime:1361997325
%EndFont

%BeginFont
Handler:DirectoryHandler
FontType:TrueType
FontName:FontAwesome
FamilyName:FontAwesome
StyleName:Regular
FullName:FontAwesome Regular
MenuName:FontAwesome
StyleBits:0
WritingScript:Roman
OutlineFileName:C:\Users\Strider\Documents\GitHub\afterevent.info\Font\fontawesome-webfont.ttf
DataFormat:sfntData
FileLength:55096
FileModTime:1361997331
WeightClass:400
WidthClass:5
AngleClass:0
%EndFont

%BeginFont
Handler:DirectoryHandler
FontType:Invalid
OutlineFileName:C:\Users\Strider\Documents\GitHub\afterevent.info\Font\fontawesome-webfont.woff
FileModTime:1361997331
%EndFont

%BeginFont
Handler:DirectoryHandler
FontType:Type1
FontName:FontAwesome
FamilyName:FontAwesome
StyleName:Regular
FullName:FontAwesome
MenuName:FontAwesome
StyleBits:0
WritingScript:Roman
OutlineFileName:C:\Users\Strider\Documents\GitHub\afterevent.info\Font\FontAwesome.otf
DataFormat:sfntData
UsesStandardEncoding:yes
isCFF:yes
FileLength:48748
FileModTime:1361997332
WeightClass:400
WidthClass:5
AngleClass:0
%EndFont

